
> motion@0.1.0 build
> next build

cmd.exe : ΓÜá Warning: Next.js inferred your workspace root, but it may not be correct.
At line:1 char:1
+ cmd.exe /c npm run build > build_output.log 2>&1
+ ~~~~~~~~~~~~~~~~~~~~~~~~~~~~~~~~~~~~~~~~~~~~~~~~
    + CategoryInfo          : NotSpecified: (ΓÜá Warning: Ne...not be correct.:String) [], RemoteException
    + FullyQualifiedErrorId : NativeCommandError
 
 We detected multiple lockfiles and selected the directory of C:\Users\bengo\package-lock.json as the root directory.
 To silence this warning, set `turbopack.root` in your Next.js config, or consider removing one of the lockfiles if 
it's not needed.
   See https://nextjs.org/docs/app/api-reference/config/next-config-js/turbopack#root-directory for more information.
 Detected additional lockfiles: 
   * C:\Users\bengo\OneDrive\Documents\Walrus Session 2\motion\package-lock.json

Γû▓ Next.js 16.2.4 (Turbopack)

  Creating an optimized production build ...

> Build error occurred
Error: Turbopack build failed with 7 errors:
./OneDrive/Documents/Walrus Session 2/motion/src/app/globals.css
Error evaluating Node.js code
Error: Cannot find module 'picocolors'
    at pico (OneDrive/Documents/Walrus Session 
2/motion/node_modules/next/node_modules/postcss/lib/css-syntax-error.js:3:5) [C:\Users\bengo\OneDrive\Documents\Walrus 
Session 2\motion\.next\build\chunks\02wx_0.ftdi3._.js:336:15]
    at pico (OneDrive/Documents/Walrus Session 
2/motion/node_modules/next/node_modules/postcss/lib/css-syntax-error.js:3:5) [C:\Users\bengo\OneDrive\Documents\Walrus 
Session 2\motion\.next\build\chunks\02wx_0.ftdi3._.js:339:3]
    at moduleFactory (turbopack:///[turbopack]/nodejs/runtime/build-base.ts:57:5) 
[C:\Users\bengo\OneDrive\Documents\Walrus Session 2\motion\.next\build\chunks\[turbopack]_runtime.js:840:9]
    at instantiateModule (turbopack:///[turbopack]/nodejs/runtime/build-base.ts:90:10) 
[C:\Users\bengo\OneDrive\Documents\Walrus Session 2\motion\.next\build\chunks\[turbopack]_runtime.js:864:12]
    at getOrInstantiateModuleFromParent (turbopack:///[turbopack]/shared/runtime/runtime-utils.ts:440:10) 
[C:\Users\bengo\OneDrive\Documents\Walrus Session 2\motion\.next\build\chunks\[turbopack]_runtime.js:289:12]
    at CssSyntaxError (OneDrive/Documents/Walrus Session 
2/motion/node_modules/next/node_modules/postcss/lib/postcss.js:3:5) [C:\Users\bengo\OneDrive\Documents\Walrus Session 
2\motion\.next\build\chunks\02wx_0.ftdi3._.js:3718:44]
    at moduleFactory (turbopack:///[turbopack]/nodejs/runtime/build-base.ts:57:5) 
[C:\Users\bengo\OneDrive\Documents\Walrus Session 2\motion\.next\build\chunks\[turbopack]_runtime.js:840:9]
    at instantiateModule (turbopack:///[turbopack]/nodejs/runtime/build-base.ts:90:10) 
[C:\Users\bengo\OneDrive\Documents\Walrus Session 2\motion\.next\build\chunks\[turbopack]_runtime.js:864:12]
    at getOrInstantiateModuleFromParent (turbopack:///[turbopack]/shared/runtime/runtime-utils.ts:398:18) 
[C:\Users\bengo\OneDrive\Documents\Walrus Session 2\motion\.next\build\chunks\[turbopack]_runtime.js:268:20]
    at module evaluation (OneDrive/Documents/Walrus Session 
2/motion/node_modules/next/node_modules/postcss/lib/postcss.mjs:1:1) [C:\Users\bengo\OneDrive\Documents\Walrus Session 
2\motion\.next\build\chunks\02wx_0.ftdi3._.js:3856:245]

Import trace:
  Client Component Browser:
    ./OneDrive/Documents/Walrus Session 2/motion/src/app/globals.css [Client Component Browser]
    ./OneDrive/Documents/Walrus Session 2/motion/src/app/layout.tsx [Server Component]


./OneDrive/Documents/Walrus Session 2/motion/src/components/admin/SubmissionsTab.tsx:680:4
Expected '</', got ';'
  [90m678 |[0m
  [90m679 |[0m     </div>
[31m[1m>[0m [90m680 |[0m   );
  [90m    |[0m    [31m[1m^[0m
  [90m681 |[0m }
  [90m682 |[0m
  [90m683 |[0m

Parsing ecmascript source code failed

Import trace:
  Client Component Browser:
    ./OneDrive/Documents/Walrus Session 2/motion/src/components/admin/SubmissionsTab.tsx [Client Component Browser]
    ./OneDrive/Documents/Walrus Session 2/motion/src/components/admin/AdminDashboard.tsx [Client Component Browser]
    ./OneDrive/Documents/Walrus Session 2/motion/src/app/admin/page.tsx [Client Component Browser]
    ./OneDrive/Documents/Walrus Session 2/motion/src/app/admin/page.tsx [Server Component]


./OneDrive/Documents/Walrus Session 2/motion/node_modules/next/node_modules/postcss/lib/css-syntax-error.js:3:12
Module not found: Can't resolve 'picocolors'


Import trace:
  postcss:
    ./OneDrive/Documents/Walrus Session 2/motion/node_modules/next/node_modules/postcss/lib/css-syntax-error.js
    ./OneDrive/Documents/Walrus Session 2/motion/node_modules/next/node_modules/postcss/lib/postcss.js
    ./OneDrive/Documents/Walrus Session 2/motion/node_modules/next/node_modules/postcss/lib/postcss.mjs

https://nextjs.org/docs/messages/module-not-found


./OneDrive/Documents/Walrus Session 2/motion/node_modules/next/node_modules/postcss/lib/terminal-highlight.js:3:12
Module not found: Can't resolve 'picocolors'


Import trace:
  postcss:
    ./OneDrive/Documents/Walrus Session 2/motion/node_modules/next/node_modules/postcss/lib/terminal-highlight.js
    ./OneDrive/Documents/Walrus Session 2/motion/node_modules/next/node_modules/postcss/lib/input.js
    ./OneDrive/Documents/Walrus Session 2/motion/node_modules/next/node_modules/postcss/lib/postcss.js
    ./OneDrive/Documents/Walrus Session 2/motion/node_modules/next/node_modules/postcss/lib/postcss.mjs

https://nextjs.org/docs/messages/module-not-found


./OneDrive/Documents/Walrus Session 2/motion/node_modules/next/node_modules/postcss/lib/input.js:3:49
Module not found: Can't resolve 'source-map-js'


Import trace:
  postcss:
    ./OneDrive/Documents/Walrus Session 2/motion/node_modules/next/node_modules/postcss/lib/input.js
    ./OneDrive/Documents/Walrus Session 2/motion/node_modules/next/node_modules/postcss/lib/postcss.js
    ./OneDrive/Documents/Walrus Session 2/motion/node_modules/next/node_modules/postcss/lib/postcss.mjs

https://nextjs.org/docs/messages/module-not-found


./OneDrive/Documents/Walrus Session 2/motion/node_modules/next/node_modules/postcss/lib/map-generator.js:3:49
Module not found: Can't resolve 'source-map-js'


Import trace:
  postcss:
    ./OneDrive/Documents/Walrus Session 2/motion/node_modules/next/node_modules/postcss/lib/map-generator.js
    ./OneDrive/Documents/Walrus Session 2/motion/node_modules/next/node_modules/postcss/lib/lazy-result.js
    ./OneDrive/Documents/Walrus Session 2/motion/node_modules/next/node_modules/postcss/lib/postcss.js
    ./OneDrive/Documents/Walrus Session 2/motion/node_modules/next/node_modules/postcss/lib/postcss.mjs

https://nextjs.org/docs/messages/module-not-found


./OneDrive/Documents/Walrus Session 2/motion/node_modules/next/node_modules/postcss/lib/previous-map.js:3:49
Module not found: Can't resolve 'source-map-js'


Import trace:
  postcss:
    ./OneDrive/Documents/Walrus Session 2/motion/node_modules/next/node_modules/postcss/lib/previous-map.js
    ./OneDrive/Documents/Walrus Session 2/motion/node_modules/next/node_modules/postcss/lib/input.js
    ./OneDrive/Documents/Walrus Session 2/motion/node_modules/next/node_modules/postcss/lib/postcss.js
    ./OneDrive/Documents/Walrus Session 2/motion/node_modules/next/node_modules/postcss/lib/postcss.mjs

https://nextjs.org/docs/messages/module-not-found


    at moduleFactory (turbopack:///[turbopack]/nodejs/runtime/build-base.ts:57:5) 
[C:\Users\bengo\OneDrive\Documents\Walrus Session 2\motion\.next\build\chunks\[turbopack]_runtime.js:840:9])
    at instantiateModule (turbopack:///[turbopack]/nodejs/runtime/build-base.ts:90:10) 
[C:\Users\bengo\OneDrive\Documents\Walrus Session 2\motion\.next\build\chunks\[turbopack]_runtime.js:864:12])
    at getOrInstantiateModuleFromParent (turbopack:///[turbopack]/shared/runtime/runtime-utils.ts:440:10) 
[C:\Users\bengo\OneDrive\Documents\Walrus Session 2\motion\.next\build\chunks\[turbopack]_runtime.js:289:12])
    at moduleFactory (turbopack:///[turbopack]/nodejs/runtime/build-base.ts:57:5) 
[C:\Users\bengo\OneDrive\Documents\Walrus Session 2\motion\.next\build\chunks\[turbopack]_runtime.js:840:9])
    at instantiateModule (turbopack:///[turbopack]/nodejs/runtime/build-base.ts:90:10) 
[C:\Users\bengo\OneDrive\Documents\Walrus Session 2\motion\.next\build\chunks\[turbopack]_runtime.js:864:12])
    at getOrInstantiateModuleFromParent (turbopack:///[turbopack]/shared/runtime/runtime-utils.ts:398:18) 
[C:\Users\bengo\OneDrive\Documents\Walrus Session 2\motion\.next\build\chunks\[turbopack]_runtime.js:268:20])
    at <unknown> (./OneDrive/Documents/Walrus Session 2/motion/src/components/admin/SubmissionsTab.tsx:680:4)
    at <unknown> (https://nextjs.org/docs/messages/module-not-found)
    ... collapsed 4 duplicate lines matching above 1 lines 4 times...
